
==============================================================
Deploy: dev theme -> live site
  dev : C:\xampp\htdocs\other\demie-studio-website\demie-photography-theme
  live: C:\xampp\htdocs\other\demie-studio-wp\wp-content\themes\demie-photography-theme
==============================================================

Dev and live themes are identical — nothing to copy.

Verifying live site ...
  + Homepage links brand.css?ver=1.3.3  (cache-bust live)
  + Live brand.css is the deployed version (guards present, md5 match)
  + LIVE SITE IS UP TO DATE
Watch mode — deploy on every save. Ctrl+C to stop.

[15:02:58] 1 file(s) changed

==============================================================
Deploy: dev theme -> live site
  dev : C:\xampp\htdocs\other\demie-studio-website\demie-photography-theme
  live: C:\xampp\htdocs\other\demie-studio-wp\wp-content\themes\demie-photography-theme
==============================================================
  + copied style.css
  + 1 copied, 0 deleted, 399 already identical
  ~ Version bumped: 1.3.3 -> 1.3.4
  + copied functions.php (version 1.3.4)

Verifying live site ...
  + Homepage links brand.css?ver=1.3.4  (cache-bust live)
  + Live brand.css is the deployed version (guards present, md5 match)
  + LIVE SITE IS UP TO DATE

[15:03:23] 1 file(s) changed

==============================================================
Deploy: dev theme -> live site
  dev : C:\xampp\htdocs\other\demie-studio-website\demie-photography-theme
  live: C:\xampp\htdocs\other\demie-studio-wp\wp-content\themes\demie-photography-theme
==============================================================
  + copied style.css
  + 1 copied, 0 deleted, 399 already identical
  ~ Version bumped: 1.3.4 -> 1.3.5
  + copied functions.php (version 1.3.5)

Verifying live site ...
  + Homepage links brand.css?ver=1.3.5  (cache-bust live)
  + Live brand.css is the deployed version (guards present, md5 match)
  + LIVE SITE IS UP TO DATE
